==19250== Memcheck, a memory error detector
==19250== Copyright (C) 2002-2017, and GNU GPL'd, by Julian Seward et al.
==19250== Using Valgrind-3.18.1 and LibVEX; rerun with -h for copyright info
==19250== Command: ./push_swap -1055210545 -1916037606 -623932844 -453367857 953517957 1443782414 91290923
==19250== Parent PID: 2172
==19250== 
==19250== Invalid write of size 1
==19250==    at 0x10983B: get_params_str (read_params.c:64)
==19250==    by 0x10925F: main (main.c:27)
==19250==  Address 0x4a7608c is 0 bytes after a block of size 76 alloc'd
==19250==    at 0x4844899: malloc (in /usr/libexec/valgrind/vgpreload_memcheck-amd64-linux.so)
==19250==    by 0x109233: main (main.c:24)
==19250== 
==19250== Invalid read of size 1
==19250==    at 0x10987C: get_params_nbr (read_params.c:76)
==19250==    by 0x109270: main (main.c:28)
==19250==  Address 0x4a7608c is 0 bytes after a block of size 76 alloc'd
==19250==    at 0x4844899: malloc (in /usr/libexec/valgrind/vgpreload_memcheck-amd64-linux.so)
==19250==    by 0x109233: main (main.c:24)
==19250== 
==19250== Invalid read of size 1
==19250==    at 0x109894: get_params_nbr (read_params.c:78)
==19250==    by 0x109270: main (main.c:28)
==19250==  Address 0x4a7608c is 0 bytes after a block of size 76 alloc'd
==19250==    at 0x4844899: malloc (in /usr/libexec/valgrind/vgpreload_memcheck-amd64-linux.so)
==19250==    by 0x109233: main (main.c:24)
==19250== 
==19250== Invalid read of size 1
==19250==    at 0x1098AC: get_params_nbr (read_params.c:78)
==19250==    by 0x109270: main (main.c:28)
==19250==  Address 0x4a7608c is 0 bytes after a block of size 76 alloc'd
==19250==    at 0x4844899: malloc (in /usr/libexec/valgrind/vgpreload_memcheck-amd64-linux.so)
==19250==    by 0x109233: main (main.c:24)
==19250== 
==19250== Invalid read of size 1
==19250==    at 0x1098D8: get_params_nbr (read_params.c:80)
==19250==    by 0x109270: main (main.c:28)
==19250==  Address 0x4a7608c is 0 bytes after a block of size 76 alloc'd
==19250==    at 0x4844899: malloc (in /usr/libexec/valgrind/vgpreload_memcheck-amd64-linux.so)
==19250==    by 0x109233: main (main.c:24)
==19250== 
==19250== Invalid read of size 1
==19250==    at 0x1098F0: get_params_nbr (read_params.c:80)
==19250==    by 0x109270: main (main.c:28)
==19250==  Address 0x4a7608c is 0 bytes after a block of size 76 alloc'd
==19250==    at 0x4844899: malloc (in /usr/libexec/valgrind/vgpreload_memcheck-amd64-linux.so)
==19250==    by 0x109233: main (main.c:24)
==19250== 
==19250== Invalid read of size 1
==19250==    at 0x109907: get_params_nbr (read_params.c:74)
==19250==    by 0x109270: main (main.c:28)
==19250==  Address 0x4a7608c is 0 bytes after a block of size 76 alloc'd
==19250==    at 0x4844899: malloc (in /usr/libexec/valgrind/vgpreload_memcheck-amd64-linux.so)
==19250==    by 0x109233: main (main.c:24)
==19250== 
==19250== Invalid read of size 1
==19250==    at 0x1093E5: get_w_nbr (in /home/al/42/push_swap/push_swap)
==19250==    by 0x1095E5: ft_split (in /home/al/42/push_swap/push_swap)
==19250==    by 0x109281: main (main.c:29)
==19250==  Address 0x4a7608c is 0 bytes after a block of size 76 alloc'd
==19250==    at 0x4844899: malloc (in /usr/libexec/valgrind/vgpreload_memcheck-amd64-linux.so)
==19250==    by 0x109233: main (main.c:24)
==19250== 
==19250== Invalid read of size 1
==19250==    at 0x1093FA: get_w_nbr (in /home/al/42/push_swap/push_swap)
==19250==    by 0x1095E5: ft_split (in /home/al/42/push_swap/push_swap)
==19250==    by 0x109281: main (main.c:29)
==19250==  Address 0x4a7608c is 0 bytes after a block of size 76 alloc'd
==19250==    at 0x4844899: malloc (in /usr/libexec/valgrind/vgpreload_memcheck-amd64-linux.so)
==19250==    by 0x109233: main (main.c:24)
==19250== 
==19250== Invalid read of size 1
==19250==    at 0x10940F: get_w_nbr (in /home/al/42/push_swap/push_swap)
==19250==    by 0x1095E5: ft_split (in /home/al/42/push_swap/push_swap)
==19250==    by 0x109281: main (main.c:29)
==19250==  Address 0x4a7608c is 0 bytes after a block of size 76 alloc'd
==19250==    at 0x4844899: malloc (in /usr/libexec/valgrind/vgpreload_memcheck-amd64-linux.so)
==19250==    by 0x109233: main (main.c:24)
==19250== 
==19250== Invalid read of size 1
==19250==    at 0x10942D: get_w_nbr (in /home/al/42/push_swap/push_swap)
==19250==    by 0x1095E5: ft_split (in /home/al/42/push_swap/push_swap)
==19250==    by 0x109281: main (main.c:29)
==19250==  Address 0x4a7608c is 0 bytes after a block of size 76 alloc'd
==19250==    at 0x4844899: malloc (in /usr/libexec/valgrind/vgpreload_memcheck-amd64-linux.so)
==19250==    by 0x109233: main (main.c:24)
==19250== 
==19250== Invalid read of size 1
==19250==    at 0x109442: get_w_nbr (in /home/al/42/push_swap/push_swap)
==19250==    by 0x1095E5: ft_split (in /home/al/42/push_swap/push_swap)
==19250==    by 0x109281: main (main.c:29)
==19250==  Address 0x4a7608c is 0 bytes after a block of size 76 alloc'd
==19250==    at 0x4844899: malloc (in /usr/libexec/valgrind/vgpreload_memcheck-amd64-linux.so)
==19250==    by 0x109233: main (main.c:24)
==19250== 
==19250== Invalid read of size 1
==19250==    at 0x109456: get_w_nbr (in /home/al/42/push_swap/push_swap)
==19250==    by 0x1095E5: ft_split (in /home/al/42/push_swap/push_swap)
==19250==    by 0x109281: main (main.c:29)
==19250==  Address 0x4a7608c is 0 bytes after a block of size 76 alloc'd
==19250==    at 0x4844899: malloc (in /usr/libexec/valgrind/vgpreload_memcheck-amd64-linux.so)
==19250==    by 0x109233: main (main.c:24)
==19250== 
==19250== Invalid read of size 1
==19250==    at 0x10A691: ft_strlen (in /home/al/42/push_swap/push_swap)
==19250==    by 0x10A668: ft_strlcpy (in /home/al/42/push_swap/push_swap)
==19250==    by 0x109598: build_list (in /home/al/42/push_swap/push_swap)
==19250==    by 0x109625: ft_split (in /home/al/42/push_swap/push_swap)
==19250==    by 0x109281: main (main.c:29)
==19250==  Address 0x4a7608c is 0 bytes after a block of size 76 alloc'd
==19250==    at 0x4844899: malloc (in /usr/libexec/valgrind/vgpreload_memcheck-amd64-linux.so)
==19250==    by 0x109233: main (main.c:24)
==19250== 
==19250== Invalid read of size 1
==19250==    at 0x1094E6: build_list (in /home/al/42/push_swap/push_swap)
==19250==    by 0x109625: ft_split (in /home/al/42/push_swap/push_swap)
==19250==    by 0x109281: main (main.c:29)
==19250==  Address 0x4a7608c is 0 bytes after a block of size 76 alloc'd
==19250==    at 0x4844899: malloc (in /usr/libexec/valgrind/vgpreload_memcheck-amd64-linux.so)
==19250==    by 0x109233: main (main.c:24)
==19250== 
==19250== Invalid read of size 1
==19250==    at 0x1094F2: build_list (in /home/al/42/push_swap/push_swap)
==19250==    by 0x109625: ft_split (in /home/al/42/push_swap/push_swap)
==19250==    by 0x109281: main (main.c:29)
==19250==  Address 0x4a7608c is 0 bytes after a block of size 76 alloc'd
==19250==    at 0x4844899: malloc (in /usr/libexec/valgrind/vgpreload_memcheck-amd64-linux.so)
==19250==    by 0x109233: main (main.c:24)
==19250== 
==19250== Invalid read of size 1
==19250==    at 0x1095AA: build_list (in /home/al/42/push_swap/push_swap)
==19250==    by 0x109625: ft_split (in /home/al/42/push_swap/push_swap)
==19250==    by 0x109281: main (main.c:29)
==19250==  Address 0x4a7608c is 0 bytes after a block of size 76 alloc'd
==19250==    at 0x4844899: malloc (in /usr/libexec/valgrind/vgpreload_memcheck-amd64-linux.so)
==19250==    by 0x109233: main (main.c:24)
==19250== 
==19250== Conditional jump or move depends on uninitialised value(s)
==19250==    at 0x10A7CD: ft_lstadd_back (in /home/al/42/push_swap/push_swap)
==19250==    by 0x109CF2: fill_stack_a (normalize_params.c:70)
==19250==    by 0x1092E9: main (main.c:41)
==19250== 
==19250== Conditional jump or move depends on uninitialised value(s)
==19250==    at 0x109F96: radix_one_position (radix.c:56)
==19250==    by 0x10A013: radix_all_positions (radix.c:71)
==19250==    by 0x1092FD: main (main.c:45)
==19250== 
==19250== Conditional jump or move depends on uninitialised value(s)
==19250==    at 0x1096AA: ft_lstclear (in /home/al/42/push_swap/push_swap)
==19250==    by 0x10933F: main (main.c:53)
==19250== 
==19250== 
==19250== HEAP SUMMARY:
==19250==     in use at exit: 0 bytes in 0 blocks
==19250==   total heap usage: 17 allocs, 17 frees, 356 bytes allocated
==19250== 
==19250== All heap blocks were freed -- no leaks are possible
==19250== 
==19250== Use --track-origins=yes to see where uninitialised values come from
==19250== For lists of detected and suppressed errors, rerun with: -s
==19250== ERROR SUMMARY: 28 errors from 20 contexts (suppressed: 0 from 0)
