==6950== Memcheck, a memory error detector
==6950== Copyright (C) 2002-2017, and GNU GPL'd, by Julian Seward et al.
==6950== Using Valgrind-3.18.1 and LibVEX; rerun with -h for copyright info
==6950== Command: ./push_swap \ -5\ 2\ -3\  \ 4\ 7
==6950== Parent PID: 2093
==6950== 
==6950== Invalid write of size 1
==6950==    at 0x10A5EB: get_params_str (input.c:68)
==6950==    by 0x10959E: main (main.c:132)
==6950==  Address 0x4a7648f is 0 bytes after a block of size 15 alloc'd
==6950==    at 0x4844899: malloc (in /usr/libexec/valgrind/vgpreload_memcheck-amd64-linux.so)
==6950==    by 0x109572: main (main.c:129)
==6950== 
==6950== Invalid read of size 1
==6950==    at 0x484AD84: __strlen_sse2 (in /usr/libexec/valgrind/vgpreload_memcheck-amd64-linux.so)
==6950==    by 0x48CFFF4: __vfprintf_internal (vfprintf-process-arg.c:397)
==6950==    by 0x48C37AE: printf (printf.c:33)
==6950==    by 0x10A60C: get_params_str (input.c:69)
==6950==    by 0x10959E: main (main.c:132)
==6950==  Address 0x4a7648f is 0 bytes after a block of size 15 alloc'd
==6950==    at 0x4844899: malloc (in /usr/libexec/valgrind/vgpreload_memcheck-amd64-linux.so)
==6950==    by 0x109572: main (main.c:129)
==6950== 
==6950== Invalid read of size 1
==6950==    at 0x10A64F: get_params_nbr (input.c:80)
==6950==    by 0x1095AF: main (main.c:133)
==6950==  Address 0x4a7648f is 0 bytes after a block of size 15 alloc'd
==6950==    at 0x4844899: malloc (in /usr/libexec/valgrind/vgpreload_memcheck-amd64-linux.so)
==6950==    by 0x109572: main (main.c:129)
==6950== 
==6950== Invalid read of size 1
==6950==    at 0x10A667: get_params_nbr (input.c:82)
==6950==    by 0x1095AF: main (main.c:133)
==6950==  Address 0x4a7648f is 0 bytes after a block of size 15 alloc'd
==6950==    at 0x4844899: malloc (in /usr/libexec/valgrind/vgpreload_memcheck-amd64-linux.so)
==6950==    by 0x109572: main (main.c:129)
==6950== 
==6950== Invalid read of size 1
==6950==    at 0x10A67F: get_params_nbr (input.c:82)
==6950==    by 0x1095AF: main (main.c:133)
==6950==  Address 0x4a7648f is 0 bytes after a block of size 15 alloc'd
==6950==    at 0x4844899: malloc (in /usr/libexec/valgrind/vgpreload_memcheck-amd64-linux.so)
==6950==    by 0x109572: main (main.c:129)
==6950== 
==6950== Invalid read of size 1
==6950==    at 0x10A6AB: get_params_nbr (input.c:84)
==6950==    by 0x1095AF: main (main.c:133)
==6950==  Address 0x4a7648f is 0 bytes after a block of size 15 alloc'd
==6950==    at 0x4844899: malloc (in /usr/libexec/valgrind/vgpreload_memcheck-amd64-linux.so)
==6950==    by 0x109572: main (main.c:129)
==6950== 
==6950== Invalid read of size 1
==6950==    at 0x10A6C3: get_params_nbr (input.c:84)
==6950==    by 0x1095AF: main (main.c:133)
==6950==  Address 0x4a7648f is 0 bytes after a block of size 15 alloc'd
==6950==    at 0x4844899: malloc (in /usr/libexec/valgrind/vgpreload_memcheck-amd64-linux.so)
==6950==    by 0x109572: main (main.c:129)
==6950== 
==6950== Invalid read of size 1
==6950==    at 0x10A6DA: get_params_nbr (input.c:78)
==6950==    by 0x1095AF: main (main.c:133)
==6950==  Address 0x4a7648f is 0 bytes after a block of size 15 alloc'd
==6950==    at 0x4844899: malloc (in /usr/libexec/valgrind/vgpreload_memcheck-amd64-linux.so)
==6950==    by 0x109572: main (main.c:129)
==6950== 
==6950== Invalid read of size 1
==6950==    at 0x109828: get_w_nbr (in /home/al/42/push_swap/push_swap)
==6950==    by 0x109A28: ft_split (in /home/al/42/push_swap/push_swap)
==6950==    by 0x1095C0: main (main.c:134)
==6950==  Address 0x4a7648f is 0 bytes after a block of size 15 alloc'd
==6950==    at 0x4844899: malloc (in /usr/libexec/valgrind/vgpreload_memcheck-amd64-linux.so)
==6950==    by 0x109572: main (main.c:129)
==6950== 
==6950== Invalid read of size 1
==6950==    at 0x10983D: get_w_nbr (in /home/al/42/push_swap/push_swap)
==6950==    by 0x109A28: ft_split (in /home/al/42/push_swap/push_swap)
==6950==    by 0x1095C0: main (main.c:134)
==6950==  Address 0x4a7648f is 0 bytes after a block of size 15 alloc'd
==6950==    at 0x4844899: malloc (in /usr/libexec/valgrind/vgpreload_memcheck-amd64-linux.so)
==6950==    by 0x109572: main (main.c:129)
==6950== 
==6950== Invalid read of size 1
==6950==    at 0x109852: get_w_nbr (in /home/al/42/push_swap/push_swap)
==6950==    by 0x109A28: ft_split (in /home/al/42/push_swap/push_swap)
==6950==    by 0x1095C0: main (main.c:134)
==6950==  Address 0x4a7648f is 0 bytes after a block of size 15 alloc'd
==6950==    at 0x4844899: malloc (in /usr/libexec/valgrind/vgpreload_memcheck-amd64-linux.so)
==6950==    by 0x109572: main (main.c:129)
==6950== 
==6950== Invalid read of size 1
==6950==    at 0x109870: get_w_nbr (in /home/al/42/push_swap/push_swap)
==6950==    by 0x109A28: ft_split (in /home/al/42/push_swap/push_swap)
==6950==    by 0x1095C0: main (main.c:134)
==6950==  Address 0x4a7648f is 0 bytes after a block of size 15 alloc'd
==6950==    at 0x4844899: malloc (in /usr/libexec/valgrind/vgpreload_memcheck-amd64-linux.so)
==6950==    by 0x109572: main (main.c:129)
==6950== 
==6950== Invalid read of size 1
==6950==    at 0x109885: get_w_nbr (in /home/al/42/push_swap/push_swap)
==6950==    by 0x109A28: ft_split (in /home/al/42/push_swap/push_swap)
==6950==    by 0x1095C0: main (main.c:134)
==6950==  Address 0x4a7648f is 0 bytes after a block of size 15 alloc'd
==6950==    at 0x4844899: malloc (in /usr/libexec/valgrind/vgpreload_memcheck-amd64-linux.so)
==6950==    by 0x109572: main (main.c:129)
==6950== 
==6950== Invalid read of size 1
==6950==    at 0x109899: get_w_nbr (in /home/al/42/push_swap/push_swap)
==6950==    by 0x109A28: ft_split (in /home/al/42/push_swap/push_swap)
==6950==    by 0x1095C0: main (main.c:134)
==6950==  Address 0x4a7648f is 0 bytes after a block of size 15 alloc'd
==6950==    at 0x4844899: malloc (in /usr/libexec/valgrind/vgpreload_memcheck-amd64-linux.so)
==6950==    by 0x109572: main (main.c:129)
==6950== 
==6950== Invalid read of size 1
==6950==    at 0x10AD5A: ft_strlen (in /home/al/42/push_swap/push_swap)
==6950==    by 0x10AD31: ft_strlcpy (in /home/al/42/push_swap/push_swap)
==6950==    by 0x1099DB: build_list (in /home/al/42/push_swap/push_swap)
==6950==    by 0x109A68: ft_split (in /home/al/42/push_swap/push_swap)
==6950==    by 0x1095C0: main (main.c:134)
==6950==  Address 0x4a7648f is 0 bytes after a block of size 15 alloc'd
==6950==    at 0x4844899: malloc (in /usr/libexec/valgrind/vgpreload_memcheck-amd64-linux.so)
==6950==    by 0x109572: main (main.c:129)
==6950== 
==6950== Invalid read of size 1
==6950==    at 0x109929: build_list (in /home/al/42/push_swap/push_swap)
==6950==    by 0x109A68: ft_split (in /home/al/42/push_swap/push_swap)
==6950==    by 0x1095C0: main (main.c:134)
==6950==  Address 0x4a7648f is 0 bytes after a block of size 15 alloc'd
==6950==    at 0x4844899: malloc (in /usr/libexec/valgrind/vgpreload_memcheck-amd64-linux.so)
==6950==    by 0x109572: main (main.c:129)
==6950== 
==6950== Invalid read of size 1
==6950==    at 0x109935: build_list (in /home/al/42/push_swap/push_swap)
==6950==    by 0x109A68: ft_split (in /home/al/42/push_swap/push_swap)
==6950==    by 0x1095C0: main (main.c:134)
==6950==  Address 0x4a7648f is 0 bytes after a block of size 15 alloc'd
==6950==    at 0x4844899: malloc (in /usr/libexec/valgrind/vgpreload_memcheck-amd64-linux.so)
==6950==    by 0x109572: main (main.c:129)
==6950== 
==6950== Invalid read of size 1
==6950==    at 0x1099ED: build_list (in /home/al/42/push_swap/push_swap)
==6950==    by 0x109A68: ft_split (in /home/al/42/push_swap/push_swap)
==6950==    by 0x1095C0: main (main.c:134)
==6950==  Address 0x4a7648f is 0 bytes after a block of size 15 alloc'd
==6950==    at 0x4844899: malloc (in /usr/libexec/valgrind/vgpreload_memcheck-amd64-linux.so)
==6950==    by 0x109572: main (main.c:129)
==6950== 
==6950== Conditional jump or move depends on uninitialised value(s)
==6950==    at 0x109AFD: ft_lstadd_back (in /home/al/42/push_swap/push_swap)
==6950==    by 0x109271: fill_stack_a (main.c:24)
==6950==    by 0x109658: main (main.c:146)
==6950== 
==6950== Conditional jump or move depends on uninitialised value(s)
==6950==    at 0x10ADF4: ft_lstsize (in /home/al/42/push_swap/push_swap)
==6950==    by 0x10A9A0: ft_print_bundle (debuggers.c:13)
==6950==    by 0x1096CD: main (main.c:153)
==6950== 
==6950== Conditional jump or move depends on uninitialised value(s)
==6950==    at 0x109B7D: ft_lstclear (in /home/al/42/push_swap/push_swap)
==6950==    by 0x109705: main (main.c:157)
==6950== 
==6950== 
==6950== HEAP SUMMARY:
==6950==     in use at exit: 0 bytes in 0 blocks
==6950==   total heap usage: 14 allocs, 14 frees, 1,199 bytes allocated
==6950== 
==6950== All heap blocks were freed -- no leaks are possible
==6950== 
==6950== Use --track-origins=yes to see where uninitialised values come from
==6950== For lists of detected and suppressed errors, rerun with: -s
==6950== ERROR SUMMARY: 25 errors from 21 contexts (suppressed: 0 from 0)
